
Memory Configuration

Name             Origin             Length             Attributes
*default*        0x0000000000000000 0xffffffffffffffff

Linker script and memory map


.memory         0x0000000000000000      0x374
                0x0000000000000000                . = 0x0
 *(.init)
 .init          0x0000000000000000      0x1f0 /tmp/cclBx6Gx.o
 *(.text)
 .text          0x00000000000001f0        0x0 /tmp/cclBx6Gx.o
 .text          0x00000000000001f0       0x3c /tmp/ccevxUTE.o
                0x00000000000001f0                main
 .text          0x000000000000022c      0x114 /tmp/ccwCORaM.o
                0x000000000000022c                putchar
                0x000000000000027c                print
                0x00000000000002cc                print_hex
 *(*)
 .data          0x0000000000000340        0x0 /tmp/cclBx6Gx.o
 .bss           0x0000000000000340        0x0 /tmp/cclBx6Gx.o
 .rela.init     0x0000000000000340        0x0 /tmp/cclBx6Gx.o
 .rela.text     0x0000000000000340        0x0 /tmp/cclBx6Gx.o
 .data          0x0000000000000340        0x0 /tmp/ccevxUTE.o
 .bss           0x0000000000000340        0x0 /tmp/ccevxUTE.o
 .rodata        0x0000000000000340        0xe /tmp/ccevxUTE.o
 .comment       0x000000000000034e       0x11 /tmp/ccevxUTE.o
                                         0x12 (size before relaxing)
 .data          0x000000000000035f        0x0 /tmp/ccwCORaM.o
 .bss           0x000000000000035f        0x0 /tmp/ccwCORaM.o
 *fill*         0x000000000000035f        0x1 
 .rodata        0x0000000000000360       0x11 /tmp/ccwCORaM.o
 .comment       0x0000000000000371       0x12 /tmp/ccwCORaM.o
                0x0000000000000384                . = ALIGN (0x4)
 *fill*         0x0000000000000371        0x3 
                0x0000000000000374                end = .
LOAD /tmp/cclBx6Gx.o
LOAD /tmp/ccevxUTE.o
LOAD /tmp/ccwCORaM.o
OUTPUT(firmware.elf elf32-littleriscv)

Cross Reference Table

Symbol                                            File
main                                              /tmp/ccevxUTE.o
                                                  /tmp/cclBx6Gx.o
print                                             /tmp/ccwCORaM.o
                                                  /tmp/ccevxUTE.o
print_hex                                         /tmp/ccwCORaM.o
putchar                                           /tmp/ccwCORaM.o
